// Jest Snapshot v1, https://goo.gl/fbAQLP

exports[`<App /> When the component is mounted should render successfully 1`] = `
<styled.div>
  <styled.h1>
    Your loan
  </styled.h1>
  <TopMenu
    amount={10000}
    duration={4}
    onAmountChanged={[Function]}
    onDurationChanged={[Function]}
  />
  <Product
    amount={10000}
    calculation={[Function]}
    duration={4}
    label="Resolving Credit Facility"
  />
  <Product
    amount={10000}
    calculation={[Function]}
    duration={4}
    label="Business loan"
  />
</styled.div>
`;
